// Jest Snapshot v1, https://goo.gl/fbAQLP

exports[`<Button /> matches snapshot 1`] = `
.c0 {
  min-width: 30px;
  width: auto;
  padding: 0 16px;
  box-sizing: border-box;
  display: -webkit-inline-box;
  display: -webkit-inline-flex;
  display: -ms-inline-flexbox;
  display: inline-flex;
  -webkit-box-pack: center;
  -webkit-justify-content: center;
  -ms-flex-pack: center;
  justify-content: center;
  -webkit-align-items: center;
  -webkit-box-align: center;
  -ms-flex-align: center;
  align-items: center;
  padding: 5px 10px;
  height: 44px;
  border-radius: 1rem;
  border-style: none;
  outline: none;
  box-shadow: 2px 2px 3px #c8d0e7,-5px -5px 5px #eef3f9;
  -webkit-transition: box-shadow 0.2s ease;
  transition: box-shadow 0.2s ease;
  background: #e4ebf5;
  color: #f2994a;
  outline: none;
}

.c0:hover {
  color: #4b4b96;
  outline: none;
}

.c0:active {
  box-shadow: inset -2px -2px 1px #ffffff,inset 2px 2px 5px #cdd3dc;
  outline: none;
}

<Button
  title="Hi"
>
  <styled.button>
    <button
      className="c0"
    >
      Hi
    </button>
  </styled.button>
</Button>
`;
